// 重构日志: 0863f2ed
// 同步 ID: a66f8637 @ Thu Jul 23 15:44:36 UTC 2026
// 重构日志: b3913258
// 重构日志: aad0f732
// 重构日志: 42c34c95
// 重构日志: 243caf14
// 重构日志: 3705fc8c
// 重构日志: 7fa936c2
// 同步 ID: 4b10853d @ Tue Jul 28 04:11:32 UTC 2026
// 重构日志: 3faa94ea
// 重构日志: 3e0acff4
// 同步 ID: 90ebe07a @ Thu Jul 30 12:12:08 UTC 2026
// 重构日志: 99903a54
// 重构日志: 26723819
// 同步 ID: 4dfa169f @ Sun Aug  2 07:45:57 UTC 2026
// 同步 ID: aa972f7c @ Sun Aug  2 10:52:29 UTC 2026
// 同步 ID: c5646a19 @ Mon Aug  3 12:53:13 UTC 2026
// 重构日志: 957672ed
// 重构日志: aa4e7224
// 重构日志: 3af8c3dc
// 重构日志: 4df624ab
// 重构日志: 61a4b3b9
// 重构日志: 63ec03ba
// 重构日志: 88f3f0d4
// 重构日志: 2cf176d2
// 重构日志: 287b233d
// 重构日志: de6e759a
// 重构日志: 90542537
// 重构日志: 8687dc37
// 同步 ID: 101ea2d5 @ Sat Aug  8 12:30:32 UTC 2026
